MPLINK 5.09, LINKER
Linker Map File - Created Sun Sep 02 22:34:45 2018

                                 Section Info
                  Section       Type    Address   Location Size(Bytes)
                ---------  ---------  ---------  ---------  ---------
                   .org_1       code   0x000000    program   0x000064
                   .cinit    romdata   0x000064    program   0x000002
                   .org_0       code   0x000100    program   0x00000a
.config_300001_BUILD/DEFAULT/PRODUCTION/COUNTDO    romdata   0x300001    program   0x000001
.config_300002_BUILD/DEFAULT/PRODUCTION/COUNTDO    romdata   0x300002    program   0x000001
.config_300003_BUILD/DEFAULT/PRODUCTION/COUNTDO    romdata   0x300003    program   0x000001
.config_300005_BUILD/DEFAULT/PRODUCTION/COUNTDO    romdata   0x300005    program   0x000001
.config_300006_BUILD/DEFAULT/PRODUCTION/COUNTDO    romdata   0x300006    program   0x000001



                              Program Memory Usage 
                               Start         End      
                           ---------   ---------      
                            0x000000    0x000065      
                            0x000100    0x000109      
                            0x300001    0x300003      
                            0x300005    0x300006      
            117 out of 33048 program addresses used, program memory utilization is 0%



                              Symbols - Sorted by Name
                     Name    Address   Location    Storage File                     
                ---------  ---------  ---------  --------- ---------                
                    aunno   0x00001e    program     static C:\Users\ASUS\Desktop\Microcontroladores\MPLABXProjects\countdown proj.X\countdown.asm
                   bucle1   0x000046    program     static C:\Users\ASUS\Desktop\Microcontroladores\MPLABXProjects\countdown proj.X\countdown.asm
                   bucle2   0x000056    program     static C:\Users\ASUS\Desktop\Microcontroladores\MPLABXProjects\countdown proj.X\countdown.asm
                     cero   0x000010    program     static C:\Users\ASUS\Desktop\Microcontroladores\MPLABXProjects\countdown proj.X\countdown.asm
                configuro   0x000004    program     static C:\Users\ASUS\Desktop\Microcontroladores\MPLABXProjects\countdown proj.X\countdown.asm
                    datos   0x000100    program     static C:\Users\ASUS\Desktop\Microcontroladores\MPLABXProjects\countdown proj.X\countdown.asm
                   inicio   0x000014    program     static C:\Users\ASUS\Desktop\Microcontroladores\MPLABXProjects\countdown proj.X\countdown.asm
                    otro1   0x00003a    program     static C:\Users\ASUS\Desktop\Microcontroladores\MPLABXProjects\countdown proj.X\countdown.asm
                    otro2   0x00004a    program     static C:\Users\ASUS\Desktop\Microcontroladores\MPLABXProjects\countdown proj.X\countdown.asm
                    otro3   0x00005a    program     static C:\Users\ASUS\Desktop\Microcontroladores\MPLABXProjects\countdown proj.X\countdown.asm
                  retardo   0x000036    program     static C:\Users\ASUS\Desktop\Microcontroladores\MPLABXProjects\countdown proj.X\countdown.asm



                              Symbols - Sorted by Address
                     Name    Address   Location    Storage File                     
                ---------  ---------  ---------  --------- ---------                
                configuro   0x000004    program     static C:\Users\ASUS\Desktop\Microcontroladores\MPLABXProjects\countdown proj.X\countdown.asm
                     cero   0x000010    program     static C:\Users\ASUS\Desktop\Microcontroladores\MPLABXProjects\countdown proj.X\countdown.asm
                   inicio   0x000014    program     static C:\Users\ASUS\Desktop\Microcontroladores\MPLABXProjects\countdown proj.X\countdown.asm
                    aunno   0x00001e    program     static C:\Users\ASUS\Desktop\Microcontroladores\MPLABXProjects\countdown proj.X\countdown.asm
                  retardo   0x000036    program     static C:\Users\ASUS\Desktop\Microcontroladores\MPLABXProjects\countdown proj.X\countdown.asm
                    otro1   0x00003a    program     static C:\Users\ASUS\Desktop\Microcontroladores\MPLABXProjects\countdown proj.X\countdown.asm
                   bucle1   0x000046    program     static C:\Users\ASUS\Desktop\Microcontroladores\MPLABXProjects\countdown proj.X\countdown.asm
                    otro2   0x00004a    program     static C:\Users\ASUS\Desktop\Microcontroladores\MPLABXProjects\countdown proj.X\countdown.asm
                   bucle2   0x000056    program     static C:\Users\ASUS\Desktop\Microcontroladores\MPLABXProjects\countdown proj.X\countdown.asm
                    otro3   0x00005a    program     static C:\Users\ASUS\Desktop\Microcontroladores\MPLABXProjects\countdown proj.X\countdown.asm
                    datos   0x000100    program     static C:\Users\ASUS\Desktop\Microcontroladores\MPLABXProjects\countdown proj.X\countdown.asm


